******************************************************************************
                  TI ARM Linker PC v16.9.7                     
******************************************************************************
>> Linked Wed Feb 28 23:46:15 2018

OUTPUT FILE NAME:   <lab3b.out>
ENTRY POINT SYMBOL: "_c_int00"  address: 00000519


MEMORY CONFIGURATION

         name            origin    length      used     unused   attr    fill
----------------------  --------  ---------  --------  --------  ----  --------
  FLASH                 00000000   00040000  0000067e  0003f982  R  X
  SRAM                  20000000   00008000  00000218  00007de8  RW X


SEGMENT ALLOCATION MAP

run origin  load origin   length   init length attrs members
----------  ----------- ---------- ----------- ----- -------
00000000    00000000    00000684   00000684    r-x
  00000000    00000000    0000026c   0000026c    r-- .intvecs
  0000026c    0000026c    000003ee   000003ee    r-x .text
  00000660    00000660    00000024   00000024    r-- .cinit
20000000    20000000    00000218   00000000    rw-
  20000000    20000000    00000200   00000000    rw- .stack
  20000200    20000200    00000018   00000000    rw- .data


SECTION ALLOCATION MAP

 output                                  attributes/
section   page    origin      length       input sections
--------  ----  ----------  ----------   ----------------
.intvecs   0    00000000    0000026c     
                  00000000    0000026c     tm4c123gh6pm_startup_ccs.obj (.intvecs)

.text      0    0000026c    000003ee     
                  0000026c    00000138     main.obj (.text)
                  000003a4    0000009c     rtsv7M4_T_le_v4SPD16_eabi.lib : memcpy_t2.obj (.text)
                  00000440    00000070                                   : autoinit.obj (.text)
                  000004b0    00000068                                   : copy_decompress_lzss.obj (.text:decompress:lzss)
                  00000518    00000054                                   : boot.obj (.text)
                  0000056c    00000054                                   : exit.obj (.text)
                  000005c0    0000004c                                   : cpy_tbl.obj (.text)
                  0000060c    00000018                                   : args_main.obj (.text)
                  00000624    00000014                                   : _lock.obj (.text)
                  00000638    0000000e                                   : copy_decompress_none.obj (.text:decompress:none)
                  00000646    0000000c     tm4c123gh6pm_startup_ccs.obj (.text)
                  00000652    00000004     rtsv7M4_T_le_v4SPD16_eabi.lib : pre_init.obj (.text)
                  00000656    00000002                                   : mpu_init.obj (.text)
                  00000658    00000002                                   : startup.obj (.text)

.cinit     0    00000660    00000024     
                  00000660    00000011     (.cinit..data.load) [load image, compression = lzss]
                  00000671    00000003     --HOLE-- [fill = 0]
                  00000674    00000008     (__TI_handler_table)
                  0000067c    00000008     (__TI_cinit_table)

.init_array 
*          0    00000000    00000000     UNINITIALIZED

.stack     0    20000000    00000200     UNINITIALIZED
                  20000000    00000200     --HOLE--

.data      0    20000200    00000018     UNINITIALIZED
                  20000200    0000000c     rtsv7M4_T_le_v4SPD16_eabi.lib : exit.obj (.data:$O1$$)
                  2000020c    00000008                                   : _lock.obj (.data:$O1$$)
                  20000214    00000004                                   : stkdepth_vars.obj (.data)

MODULE SUMMARY

       Module                         code   ro data   rw data
       ------                         ----   -------   -------
    .\
       tm4c123gh6pm_startup_ccs.obj   12     620       0      
       main.obj                       312    0         0      
    +--+------------------------------+------+---------+---------+
       Total:                         324    620       0      
                                                              
    C:\ti\ccsv7\tools\compiler\ti-cgt-arm_16.9.7.LTS\lib\rtsv7M4_T_le_v4SPD16_eabi.lib
       memcpy_t2.obj                  156    0         0      
       autoinit.obj                   112    0         0      
       copy_decompress_lzss.obj       104    0         0      
       exit.obj                       84     0         12     
       boot.obj                       84     0         0      
       cpy_tbl.obj                    76     0         0      
       _lock.obj                      20     0         8      
       args_main.obj                  24     0         0      
       copy_decompress_none.obj       14     0         0      
       pre_init.obj                   4      0         0      
       stkdepth_vars.obj              0      0         4      
       mpu_init.obj                   2      0         0      
       startup.obj                    2      0         0      
    +--+------------------------------+------+---------+---------+
       Total:                         682    0         24     
                                                              
       Stack:                         0      0         512    
       Linker Generated:              0      33        0      
    +--+------------------------------+------+---------+---------+
       Grand Total:                   1006   653       536    


LINKER GENERATED COPY TABLES

__TI_cinit_table @ 0000067c records: 1, size/record: 8, table size: 8
	.data: load addr=00000660, load size=00000011 bytes, run addr=20000200, run size=00000018 bytes, compression=lzss


LINKER GENERATED HANDLER TABLE

__TI_handler_table @ 00000674 records: 2, size/record: 4, table size: 8
	index: 0, handler: __TI_decompress_lzss
	index: 1, handler: __TI_decompress_none


GLOBAL SYMBOLS: SORTED ALPHABETICALLY BY Name 

address   name                           
-------   ----                           
0000056d  C$$EXIT                        
00000647  ResetISR                       
UNDEFED   SHT$$INIT_ARRAY$$Base          
UNDEFED   SHT$$INIT_ARRAY$$Limit         
20000200  __STACK_END                    
00000200  __STACK_SIZE                   
20000200  __STACK_TOP                    
0000067c  __TI_CINIT_Base                
00000684  __TI_CINIT_Limit               
00000674  __TI_Handler_Table_Base        
0000067c  __TI_Handler_Table_Limit       
00000441  __TI_auto_init                 
20000200  __TI_cleanup_ptr               
000004b1  __TI_decompress_lzss           
00000639  __TI_decompress_none           
20000204  __TI_dtors_ptr                 
20000208  __TI_enable_exit_profile_output
ffffffff  __TI_pprof_out_hndl            
ffffffff  __TI_prof_data_size            
ffffffff  __TI_prof_data_start           
00000000  __TI_static_base__             
000003a5  __aeabi_memcpy                 
000003a5  __aeabi_memcpy4                
000003a5  __aeabi_memcpy8                
ffffffff  __binit__                      
ffffffff  __c_args__                     
00000657  __mpu_init                     
20000000  __stack                        
0000060d  _args_main                     
00000519  _c_int00                       
2000020c  _lock                          
00000633  _nop                           
0000062b  _register_lock                 
00000625  _register_unlock               
00000659  _system_post_cinit             
00000653  _system_pre_init               
20000210  _unlock                        
00000571  abort                          
ffffffff  binit                          
000005c1  copy_in                        
00000579  exit                           
00000000  g_pfnVectors                   
0000026d  main                           
20000214  main_func_sp                   
000003a5  memcpy                         


GLOBAL SYMBOLS: SORTED BY Symbol Address 

address   name                           
-------   ----                           
00000000  __TI_static_base__             
00000000  g_pfnVectors                   
00000200  __STACK_SIZE                   
0000026d  main                           
000003a5  __aeabi_memcpy                 
000003a5  __aeabi_memcpy4                
000003a5  __aeabi_memcpy8                
000003a5  memcpy                         
00000441  __TI_auto_init                 
000004b1  __TI_decompress_lzss           
00000519  _c_int00                       
0000056d  C$$EXIT                        
00000571  abort                          
00000579  exit                           
000005c1  copy_in                        
0000060d  _args_main                     
00000625  _register_unlock               
0000062b  _register_lock                 
00000633  _nop                           
00000639  __TI_decompress_none           
00000647  ResetISR                       
00000653  _system_pre_init               
00000657  __mpu_init                     
00000659  _system_post_cinit             
00000674  __TI_Handler_Table_Base        
0000067c  __TI_CINIT_Base                
0000067c  __TI_Handler_Table_Limit       
00000684  __TI_CINIT_Limit               
20000000  __stack                        
20000200  __STACK_END                    
20000200  __STACK_TOP                    
20000200  __TI_cleanup_ptr               
20000204  __TI_dtors_ptr                 
20000208  __TI_enable_exit_profile_output
2000020c  _lock                          
20000210  _unlock                        
20000214  main_func_sp                   
ffffffff  __TI_pprof_out_hndl            
ffffffff  __TI_prof_data_size            
ffffffff  __TI_prof_data_start           
ffffffff  __binit__                      
ffffffff  __c_args__                     
ffffffff  binit                          
UNDEFED   SHT$$INIT_ARRAY$$Base          
UNDEFED   SHT$$INIT_ARRAY$$Limit         

[45 symbols]
